// Jest Snapshot v1, https://goo.gl/fbAQLP

exports[`should render ExpenseDashboard 1`] = `
<div
  className="container"
>
  Dasboard page
</div>
`;
